Running tests ...
[1A[KRunning 3 tests in 1 runtime ...
[1A[K[1m[32m3 tests, 17 assertions, 1 runtime ... OK[0m
